<?xml version="1.0" encoding="UTF-8"?>
<testsuites name="Automated Video Pipeline Tests" tests="0" failures="0" errors="0" time="8.063">
</testsuites>